// Jest Snapshot v1, https://goo.gl/fbAQLP

exports[`Container Testing Container : Snapshot testing 1`] = `
<div
  className="flex flex-col h-screen bg-gray-100"
>
  <main
    className="flex flex-col h-full"
  >
    <Header />
    <section
      className="flex flex-grow justify-center"
    >
      <div
        className="flex container"
      >
        <div>
          content
        </div>
      </div>
    </section>
    <Footer />
  </main>
</div>
`;
